D:/20222/EmbeddedCat/Core/Src/main.c:922:13:SPI5_Write	16	static
D:/20222/EmbeddedCat/Core/Src/main.c:1034:6:StartDefaultTask	8	static
D:/20222/EmbeddedCat/Core/Src/main.c:1052:6:startPolling	40	static
D:/20222/EmbeddedCat/Core/Src/main.c:1100:6:sendRandomNumberTask	16	static
D:/20222/EmbeddedCat/Core/Src/main.c:287:6:SystemClock_Config	96	static
D:/20222/EmbeddedCat/Core/Src/main.c:183:5:main	120	static
D:/20222/EmbeddedCat/Core/Src/main.c:766:6:IOE_Init	0	static
D:/20222/EmbeddedCat/Core/Src/main.c:775:6:IOE_ITConfig	0	static
D:/20222/EmbeddedCat/Core/Src/main.c:787:6:IOE_Write	32	static
D:/20222/EmbeddedCat/Core/Src/main.c:798:9:IOE_Read	32	static
D:/20222/EmbeddedCat/Core/Src/main.c:811:10:IOE_ReadMultiple	24	static
D:/20222/EmbeddedCat/Core/Src/main.c:820:6:IOE_Delay	0	static
D:/20222/EmbeddedCat/Core/Src/main.c:948:6:LCD_IO_Init	8	static
D:/20222/EmbeddedCat/Core/Src/main.c:958:6:LCD_IO_WriteData	16	static
D:/20222/EmbeddedCat/Core/Src/main.c:974:6:LCD_IO_WriteReg	16	static
D:/20222/EmbeddedCat/Core/Src/main.c:993:10:LCD_IO_ReadData	32	static
D:/20222/EmbeddedCat/Core/Src/main.c:1020:6:LCD_Delay	0	static
D:/20222/EmbeddedCat/Core/Src/main.c:1127:6:HAL_TIM_PeriodElapsedCallback	0	static
D:/20222/EmbeddedCat/Core/Src/main.c:1144:6:Error_Handler	0	static
